// Vitest Snapshot v1, https://vitest.dev/guide/snapshot.html

exports[`RBDC default permission matrix (INTENT.md §5) > locks the full matrix snapshot (any §5 edit must update this intentionally) 1`] = `
{
  "ACCOUNTANT": {
    "M01": "R",
    "M02": "R",
    "M03": "R",
    "M04": "R",
    "M05": "R",
    "M06": "M",
    "M07": "M",
    "M08": "M",
    "M09": "M",
    "M10": "M",
    "M11": "R",
    "M12": "R",
    "M13": "M",
    "M14": "R",
    "M15": "R",
    "M16": "R",
    "M17": "R",
    "M20": "M",
    "M23": "R",
    "M24": "M",
    "M26": "M",
    "M28": "R",
  },
  "ADMIN": {
    "M01": "M",
    "M02": "M",
    "M03": "M",
    "M04": "M",
    "M05": "M",
    "M06": "M",
    "M07": "M",
    "M08": "R",
    "M09": "M",
    "M10": "M",
    "M11": "M",
    "M12": "M",
    "M13": "M",
    "M14": "M",
    "M15": "M",
    "M16": "M",
    "M17": "M",
    "M18": "M",
    "M19": "M",
    "M20": "M",
    "M21": "M",
    "M22": "M",
    "M23": "M",
    "M24": "M",
    "M25": "M",
    "M26": "M",
    "M27": "M",
    "M28": "M",
  },
  "MEMBER": {
    "M02": "O",
    "M05": "O",
    "M07": "O",
    "M08": "O",
    "M09": "O",
    "M10": "O",
    "M11": "O",
    "M12": "O",
    "M13": "O",
    "M16": "O",
    "M17": "O",
    "M18": "O",
    "M19": "O",
    "M21": "O",
    "M22": "O",
    "M25": "O",
  },
  "OWNER": {
    "M02": "R",
    "M03": "O",
    "M04": "R",
    "M05": "R",
    "M07": "R",
    "M08": "O",
    "M09": "R",
    "M10": "R",
    "M11": "R",
    "M17": "O",
    "M18": "R",
    "M19": "W",
    "M20": "R",
    "M21": "O",
    "M22": "R",
    "M24": "O",
    "M26": "R",
  },
  "PROPERTY_MANAGER": {
    "M01": "R",
    "M02": "M",
    "M03": "R",
    "M04": "M",
    "M05": "M",
    "M06": "R",
    "M07": "M",
    "M09": "M",
    "M10": "M",
    "M11": "M",
    "M12": "M",
    "M13": "R",
    "M14": "M",
    "M15": "M",
    "M16": "M",
    "M17": "M",
    "M18": "M",
    "M19": "M",
    "M20": "R",
    "M22": "M",
    "M23": "M",
    "M24": "R",
    "M26": "M",
    "M28": "R",
  },
  "STAFF": {
    "M02": "W",
    "M04": "R",
    "M05": "R",
    "M07": "R",
    "M09": "W",
    "M10": "R",
    "M11": "W",
    "M12": "W",
    "M13": "W",
    "M14": "W",
    "M15": "W",
    "M16": "W",
    "M17": "R",
    "M18": "W",
    "M19": "W",
    "M20": "W",
    "M22": "W",
    "M23": "O",
    "M26": "R",
  },
  "SUPER_ADMIN": {
    "M01": "F",
    "M02": "F",
    "M03": "F",
    "M04": "F",
    "M05": "F",
    "M06": "F",
    "M07": "F",
    "M08": "F",
    "M09": "F",
    "M10": "F",
    "M11": "F",
    "M12": "F",
    "M13": "F",
    "M14": "F",
    "M15": "F",
    "M16": "F",
    "M17": "F",
    "M18": "F",
    "M19": "F",
    "M20": "F",
    "M21": "F",
    "M22": "F",
    "M23": "F",
    "M24": "F",
    "M25": "F",
    "M26": "F",
    "M27": "F",
    "M28": "F",
  },
}
`;
